$$S_cljs$2e_core:ba
$$S_cljs$2etools$2ereader:ca
$$S_instaparse$2egll:ia
JSCompiler_StaticMethods__peek:Ps
JSCompiler_StaticMethods__peek_at:Ws
JSCompiler_StaticMethods__run:Us
JSCompiler_StaticMethods__set_opts:Xs
JSCompiler_StaticMethods__set_state:Qs
JSCompiler_StaticMethods_add_after_render:us
JSCompiler_StaticMethods_assoc_BANG_:Ch
JSCompiler_StaticMethods_cljs$core$IMultiFn$_add_method$arity$3:Aj
JSCompiler_StaticMethods_cljs$core$IMultiFn$_get_method$arity$2:zj
JSCompiler_StaticMethods_cljs$core$ITransientVector$_assoc_n_BANG_$arity$3:Jg
JSCompiler_StaticMethods_entry_at:Sh
JSCompiler_StaticMethods_flush_after_render:ss
JSCompiler_StaticMethods_forceChunk:ri
JSCompiler_StaticMethods_instaparse$auto_flatten_seq$GetVec$get_vec$arity$1:yv
JSCompiler_StaticMethods_schedule:ts
JSCompiler_StaticMethods_sval:Re
JSCompiler_prototypeAlias:h
L 0:a
L 1:b
L 10:n
L 11:r
L 12:x
L 13:z
L 14:G
L 15:Q
L 16:X
L 17:fa
L 18:ka
L 19:ma
L 2:c
L 20:xa
L 21:ea
L 22:p
L 23:y
L 24:A
L 25:B
L 26:C
L 27:E
L 28:F
L 29:M
L 3:d
L 30:R
L 31:T
L 32:V
L 33:Z
L 34:aa
L 35:da
L 36:ha
L 37:ja
L 38:na
L 39:ua
L 4:e
L 40:Ia
L 41:bb
L 42:ub
L 43:lc
L 44:Ge
L 45:Hg
L 5:f
L 6:g
L 7:k
L 8:l
L 9:m
cached_hierarchy__4622__auto__$jscomp$inline_1980:wj
cljs:Ka
cljs$core:La
cljs$core$ArrayChunk:Te
cljs$core$ArrayNode:kh
cljs$core$ArrayNodeIterator:oh
cljs$core$ArrayNodeSeq:vh
cljs$core$Atom:Hf
cljs$core$BitmapIndexedNode:gh
cljs$core$BitmapIndexedNode$EMPTY:jh
cljs$core$BlackNode:Ih
cljs$core$Box:$g
cljs$core$CHAR_MAP:gb
cljs$core$ChunkBuffer:Se
cljs$core$ChunkedCons:Ve
cljs$core$ChunkedSeq:Cg
cljs$core$Cons:Ke
cljs$core$Delay:Xi
cljs$core$ES6EntriesIterator:Og
cljs$core$ES6Iterator:cd
cljs$core$ES6IteratorSeq:ed
cljs$core$ES6SetEntriesIterator:Pg
cljs$core$EmptyList:He
cljs$core$ExceptionInfo:Cj
cljs$core$Fn:nb
cljs$core$HashCollisionNode:sh
cljs$core$HashMapIter:xh
cljs$core$HashSetIter:di
cljs$core$ICollection:tb
cljs$core$IComparable:wc
cljs$core$ICounted:pb
cljs$core$IDeref:Tb
cljs$core$IEmptyableCollection:rb
cljs$core$IEncodeJS:aj
cljs$core$IFn:ob
cljs$core$IIndexed:wb
cljs$core$IIndexed$_nth$dyn_9225:yb
cljs$core$IIterable:Gc
cljs$core$IKVReduce:ac
cljs$core$IList:hc
cljs$core$ILookup:Eb
cljs$core$ILookup$_lookup$dyn_9232:Gb
cljs$core$IMap:Jb
cljs$core$IMeta:Ub
cljs$core$INIT:uf
cljs$core$INext:Cb
cljs$core$IPrintWithWriter:nc
cljs$core$IRecord:ic
cljs$core$IReduce:Yb
cljs$core$IReduce$_reduce$dyn_9326:$b
cljs$core$IReversible:jc
cljs$core$ISeq:zb
cljs$core$ISeqable:ec
cljs$core$ISequential:gc
cljs$core$ISet:Nb
cljs$core$ISwap$_swap_BANG_$dyn_9388:Fc
cljs$core$ITER_SYMBOL:fb
cljs$core$IVector:Rb
cljs$core$IWithMeta:Wb
cljs$core$IndexedSeq:Zc
cljs$core$IndexedSeqIterator:Ad
cljs$core$KeySeq:Xh
cljs$core$Keyword:D
cljs$core$LazySeq:Qe
cljs$core$List:P
cljs$core$List$EMPTY:bd
cljs$core$MapEntry:qg
cljs$core$MetaFn:Rd
cljs$core$MultiFn:rj
cljs$core$NS_CACHE:Jj
cljs$core$Namespace:Ij
cljs$core$NeverEquiv:Kg
cljs$core$NodeIterator:fh
cljs$core$NodeSeq:th
cljs$core$PROTOCOL_SENTINEL:Na
cljs$core$PersistentArrayMap:q
cljs$core$PersistentArrayMap$EMPTY:tf
cljs$core$PersistentArrayMap$HASHMAP_THRESHOLD:Wg
cljs$core$PersistentArrayMap$createAsIfByAssoc:Od
cljs$core$PersistentArrayMap$fromArray:Yg
cljs$core$PersistentArrayMapIterator:Sg
cljs$core$PersistentArrayMapSeq:Rg
cljs$core$PersistentHashMap:yh
cljs$core$PersistentHashMap$EMPTY:Xg
cljs$core$PersistentHashMap$fromArray:Ah
cljs$core$PersistentHashMap$fromArrays:Bh
cljs$core$PersistentHashSet:ei
cljs$core$PersistentHashSet$EMPTY:gi
cljs$core$PersistentHashSet$createAsIfByAssoc:hi
cljs$core$PersistentTreeMap:Rh
cljs$core$PersistentTreeMap$EMPTY:Th
cljs$core$PersistentTreeMapSeq:Eh
cljs$core$PersistentVector:U
cljs$core$PersistentVector$EMPTY:Ld
cljs$core$PersistentVector$EMPTY_NODE:W
cljs$core$PersistentVector$fromArray:wg
cljs$core$RSeq:Bd
cljs$core$Range:qi
cljs$core$RangeChunk:oi
cljs$core$RangeIterator:pi
cljs$core$RangedIterator:mg
cljs$core$RecordIter:Ng
cljs$core$RedNode:Hh
cljs$core$Reduced:ld
cljs$core$Repeat:Qf
cljs$core$START:vf
cljs$core$SeqIter:wf
cljs$core$StringBufferWriter:Ic
cljs$core$Subvec:Eg
cljs$core$Symbol:Uc
cljs$core$TaggedLiteral:Ej
cljs$core$TransientArrayMap:Vg
cljs$core$TransientHashMap:zh
cljs$core$TransientHashSet:fi
cljs$core$TransientVector:rg
cljs$core$ValSeq:Yh
cljs$core$Var:Wc
cljs$core$VectorNode:bg
cljs$core$_:ve
cljs$core$_EQ_:H
cljs$core$_GT_:xe
cljs$core$_PLUS_:ue
cljs$core$_STAR_:we
cljs$core$_STAR_print_fn_STAR_:Oa
cljs$core$_STAR_print_level_STAR_:Qa
cljs$core$_STAR_print_newline_STAR_:Pa
cljs$core$_add_watch:pc
cljs$core$_as_transient:sc
cljs$core$_assoc:Hb
cljs$core$_assoc_BANG_:vc
cljs$core$_assoc_n:Sb
cljs$core$_chunked_first:zc
cljs$core$_chunked_rest:Ac
cljs$core$_clj__GT_js:bj
cljs$core$_compare:xc
cljs$core$_conj:vb
cljs$core$_conj_BANG_:tc
cljs$core$_count:qb
cljs$core$_deref:v
cljs$core$_disjoin:Ob
cljs$core$_dissoc:Kb
cljs$core$_drop_first:yc
cljs$core$_empty:sb
cljs$core$_equiv:cc
cljs$core$_find:Ib
cljs$core$_first:Ab
cljs$core$_global_hierarchy:fj
cljs$core$_hash:dc
cljs$core$_indexOf$cljs$0core$0IFn$0_invoke$0arity$03:wd
cljs$core$_iterator:Hc
cljs$core$_key:Lb
cljs$core$_kv_reduce:bc
cljs$core$_lastIndexOf$cljs$0core$0IFn$0_invoke$0arity$03:zd
cljs$core$_lookup:Fb
cljs$core$_meta:Vb
cljs$core$_name:Bc
cljs$core$_namespace:Cc
cljs$core$_next:Db
cljs$core$_nth:xb
cljs$core$_peek:Pb
cljs$core$_persistent_BANG_:uc
cljs$core$_pop:Qb
cljs$core$_pr_writer:oc
cljs$core$_reduce:Zb
cljs$core$_remove_watch:rc
cljs$core$_reset_BANG_:Dc
cljs$core$_rest:Bb
cljs$core$_rseq:kc
cljs$core$_seq:fc
cljs$core$_swap_BANG_:Ec
cljs$core$_val:Mb
cljs$core$_with_meta:Xb
cljs$core$_write:mc
cljs$core$aclone:hb
cljs$core$apply:Xc
cljs$core$apply$cljs$0core$0IFn$0_invoke$0arity$02:lf
cljs$core$apply$cljs$0core$0IFn$0_invoke$0arity$03:mf
cljs$core$apply$cljs$0core$0IFn$0_invoke$0arity$04:nf
cljs$core$apply$cljs$0core$0IFn$0_invoke$0arity$05:of
cljs$core$apply$cljs$0core$0IFn$0_invoke$0arity$0variadic:pf
cljs$core$apply_to:ef
cljs$core$apply_to_simple$cljs$0core$0IFn$0_invoke$0arity$03:gf
cljs$core$apply_to_simple$cljs$0core$0IFn$0_invoke$0arity$04:hf
cljs$core$apply_to_simple$cljs$0core$0IFn$0_invoke$0arity$05:jf
cljs$core$apply_to_simple$cljs$0core$0IFn$0_invoke$0arity$06:kf
cljs$core$array:ib
cljs$core$array_QMARK_:Ya
cljs$core$array__GT_transient_hash_map:Zg
cljs$core$array_copy:ee
cljs$core$array_for:jg
cljs$core$array_index_of:Qg
cljs$core$array_reduce$cljs$0core$0IFn$0_invoke$0arity$02:rd
cljs$core$array_reduce$cljs$0core$0IFn$0_invoke$0arity$03:sd
cljs$core$array_reduce$cljs$0core$0IFn$0_invoke$0arity$04:td
cljs$core$assoc:Nd
cljs$core$assoc_BANG_$cljs$0core$0IFn$0_invoke$0arity$03:df
cljs$core$assoc_in:Zf
cljs$core$atom$cljs$0core$0IFn$0_invoke$0arity$01:If
cljs$core$balance_left:Gh
cljs$core$balance_left_del:Kh
cljs$core$balance_right:Jh
cljs$core$balance_right_del:Lh
cljs$core$bit_count:Be
cljs$core$boolean$0:he
cljs$core$bounded_count:$e
cljs$core$build_subvec:Fg
cljs$core$char$0:ye
cljs$core$char_escapes:Di
cljs$core$chunk:Ye
cljs$core$chunk_append:Xe
cljs$core$chunk_buffer:Ue
cljs$core$chunk_cons:We
cljs$core$chunked_seq:vg
cljs$core$chunked_seq$cljs$0core$0IFn$0_invoke$0arity$04:ug
cljs$core$chunked_seq$cljs$0core$0IFn$0_invoke$0arity$05:Dg
cljs$core$chunked_seq_QMARK_:de
cljs$core$ci_reduce$cljs$0core$0IFn$0_invoke$0arity$02:pd
cljs$core$ci_reduce$cljs$0core$0IFn$0_invoke$0arity$03:qd
cljs$core$clj__GT_js:dj
cljs$core$clone_and_set$cljs$0core$0IFn$0_invoke$0arity$03:bh
cljs$core$coll_QMARK_:Yd
cljs$core$comp:Cf
cljs$core$compare:le
cljs$core$compare_indexed$cljs$0core$0IFn$0_invoke$0arity$02:me
cljs$core$compare_keywords:Le
cljs$core$compare_symbols:Tc
cljs$core$complement:Bf
cljs$core$concat:bf
cljs$core$conj:Kd
cljs$core$conj_BANG_:cf
cljs$core$cons:Dd
cljs$core$contains_QMARK_:ke
cljs$core$count:N
cljs$core$counted_QMARK_:ud
cljs$core$create_array_node_seq:qh
cljs$core$create_array_node_seq$cljs$0core$0IFn$0_invoke$0arity$01:ph
cljs$core$create_array_node_seq$cljs$0core$0IFn$0_invoke$0arity$03:wh
cljs$core$create_inode_seq:ih
cljs$core$create_inode_seq$cljs$0core$0IFn$0_invoke$0arity$01:hh
cljs$core$create_inode_seq$cljs$0core$0IFn$0_invoke$0arity$03:uh
cljs$core$create_node:mh
cljs$core$create_node$cljs$0core$0IFn$0_invoke$0arity$06:nh
cljs$core$create_node$cljs$0core$0IFn$0_invoke$0arity$07:lh
cljs$core$create_tree_map_seq:Fh
cljs$core$deref:od
cljs$core$disj:Wd
cljs$core$dissoc:Pd
cljs$core$distinct$cljs$0core$0IFn$0_invoke$0arity$01:ji
cljs$core$do_assoc:kg
cljs$core$dominates:oj
cljs$core$drop$cljs$0core$0IFn$0_invoke$0arity$02:Of
cljs$core$drop_last$cljs$0core$0IFn$0_invoke$0arity$02:Pf
cljs$core$edit_and_set$cljs$0core$0IFn$0_invoke$0arity$04:dh
cljs$core$empty_QMARK_:Xd
cljs$core$empty_ordered_hash:hd
cljs$core$empty_unordered_hash:jd
cljs$core$enable_console_print_BANG_:Xa
cljs$core$equiv_map:Mg
cljs$core$equiv_sequential:Cd
cljs$core$es6_iterator:dd
cljs$core$es6_iterator_seq:$c
cljs$core$even_QMARK_:Af
cljs$core$every_QMARK_:xf
cljs$core$ex_info$cljs$0core$0IFn$0_invoke$0arity$02:Dj
cljs$core$filter$cljs$0core$0IFn$0_invoke$0arity$02:Tf
cljs$core$find_and_cache_best_method:pj
cljs$core$first:J
cljs$core$fix:ze
cljs$core$fn_QMARK_:Qd
cljs$core$fn__GT_comparator:ne
cljs$core$fnext:Id
cljs$core$fnil$cljs$0core$0IFn$0_invoke$0arity$02:Ef
cljs$core$frequencies:ui
cljs$core$gensym$cljs$0core$0IFn$0_invoke$0arity$01:Wi
cljs$core$gensym_counter:Vi
cljs$core$get:w
cljs$core$get_global_hierarchy:gj
cljs$core$hash:Rc
cljs$core$hash_collision_node_find_index:rh
cljs$core$hash_map:Uh
cljs$core$hash_ordered_coll:gd
cljs$core$hash_string:Qc
cljs$core$hash_symbol:Sc
cljs$core$hash_unordered_coll:id
cljs$core$identity:se
cljs$core$ifn_QMARK_:ie
cljs$core$imul:Kc
cljs$core$inc:kd
cljs$core$indexed_QMARK_:vd
cljs$core$inode_kv_reduce:eh
cljs$core$integer_QMARK_:je
cljs$core$interleave:Rf
cljs$core$into:Uf
cljs$core$into_array$cljs$0core$0IFn$0_invoke$0arity$02:jb
cljs$core$isa_QMARK_$cljs$0core$0IFn$0_invoke$0arity$03:kj
cljs$core$iter_reduce$cljs$0core$0IFn$0_invoke$0arity$02:oe
cljs$core$iter_reduce$cljs$0core$0IFn$0_invoke$0arity$03:pe
cljs$core$iterable_QMARK_:Yc
cljs$core$js_reserved:Gj
cljs$core$js_reserved_QMARK_:Hj
cljs$core$js_reserved_arr:Fj
cljs$core$js_symbol_QMARK_:mb
cljs$core$juxt$cljs$0core$0IFn$0_invoke$0arity$02:vi
cljs$core$keep$cljs$0core$0IFn$0_invoke$0arity$02:Gf
cljs$core$keep_indexed$cljs$0core$0IFn$0_invoke$0arity$02:Lf
cljs$core$key:zg
cljs$core$key__GT_js$cljs$0core$0IFn$0_invoke$0arity$02:cj
cljs$core$key_test:ah
cljs$core$keys:Tg
cljs$core$keyword:Oe
cljs$core$keyword_identical_QMARK_:Me
cljs$core$last:Jd
cljs$core$lift_ns:Si
cljs$core$linear_traversal_nth$cljs$0core$0IFn$0_invoke$0arity$03:Md
cljs$core$list:Je
cljs$core$list_QMARK_:Fe
cljs$core$lookup_sentinel:fe
cljs$core$m3_fmix:Nc
cljs$core$m3_mix_H1:Mc
cljs$core$m3_mix_K1:Lc
cljs$core$map:Mf
cljs$core$map_QMARK_:ae
cljs$core$map_entry_QMARK_:yg
cljs$core$map_indexed$cljs$0core$0IFn$0_invoke$0arity$02:Ff
cljs$core$mapcat$cljs$0core$0IFn$0_invoke$0arity$0variadic:Sf
cljs$core$mapv$cljs$0core$0IFn$0_invoke$0arity$02:Vf
cljs$core$mapv$cljs$0core$0IFn$0_invoke$0arity$03:Yf
cljs$core$max_key:li
cljs$core$merge:Zh
cljs$core$merge_with:$h
cljs$core$meta:Td
cljs$core$min_key:mi
cljs$core$missing_protocol:db
cljs$core$mix_collection_hash:fd
cljs$core$name:Pe
cljs$core$namespace:Ne
cljs$core$native_satisfies_QMARK_:ab
cljs$core$never_equiv:Lg
cljs$core$new_path:fg
cljs$core$next:K
cljs$core$next_STAR_:ff
cljs$core$nil_iter:sf
cljs$core$not:Za
cljs$core$not_EQ_$cljs$0core$0IFn$0_invoke$0arity$02:qf
cljs$core$not_empty:rf
cljs$core$not_every_QMARK_:yf
cljs$core$nth:yd
cljs$core$nth$cljs$0core$0IFn$0_invoke$0arity$02:xd
cljs$core$nth$cljs$0core$0IFn$0_invoke$0arity$03:S
cljs$core$parents$cljs$0core$0IFn$0_invoke$0arity$01:lj
cljs$core$partial:Df
cljs$core$peek:Ud
cljs$core$pop:Vd
cljs$core$pop_tail:lg
cljs$core$pr_opts:Ra
cljs$core$pr_sb_with_opts:Li
cljs$core$pr_sequential_writer:zi
cljs$core$pr_str_STAR_:Jc
cljs$core$pr_str_with_opts:Mi
cljs$core$pr_with_opts:Ni
cljs$core$pr_writer:Hi
cljs$core$pr_writer_impl:Gi
cljs$core$prefers_STAR_:nj
cljs$core$prim_seq$cljs$0core$0IFn$0_invoke$0arity$02:O
cljs$core$print:Oi
cljs$core$print_map:Ii
cljs$core$print_meta_QMARK_:Fi
cljs$core$print_prefix_map:Ti
cljs$core$println:Pi
cljs$core$println$cljs$0core$0IFn$0_invoke$0arity$0variadic:Qi
cljs$core$push_tail:gg
cljs$core$pv_clone_node:dg
cljs$core$pv_fresh_node:cg
cljs$core$pv_reduce$cljs$0core$0IFn$0_invoke$0arity$04:og
cljs$core$pv_reduce$cljs$0core$0IFn$0_invoke$0arity$05:pg
cljs$core$quot:Ae
cljs$core$quote_string:Ei
cljs$core$range$cljs$0core$0IFn$0_invoke$0arity$03:si
cljs$core$ranged_iterator:ng
cljs$core$re_find:xi
cljs$core$re_matches:wi
cljs$core$re_pattern:yi
cljs$core$record_QMARK_:be
cljs$core$reduce:lb
cljs$core$reduce$cljs$0core$0IFn$0_invoke$0arity$02:qe
cljs$core$reduce$cljs$0core$0IFn$0_invoke$0arity$03:kb
cljs$core$reduce_kv:re
cljs$core$reduced_QMARK_:md
cljs$core$remove_pair:ch
cljs$core$reset_BANG_:Jf
cljs$core$reset_cache:mj
cljs$core$rest:ad
cljs$core$reverse:Ie
cljs$core$second:Hd
cljs$core$select_keys:ai
cljs$core$seq:I
cljs$core$seq_QMARK_:ge
cljs$core$seq_reduce:Fd
cljs$core$seq_reduce$cljs$0core$0IFn$0_invoke$0arity$02:Ed
cljs$core$seq_reduce$cljs$0core$0IFn$0_invoke$0arity$03:Gd
cljs$core$sequential_QMARK_:$d
cljs$core$set:ii
cljs$core$set_QMARK_:Zd
cljs$core$some:zf
cljs$core$some_QMARK_:$a
cljs$core$sorted_map:Vh
cljs$core$sorted_map_by:Wh
cljs$core$spread:af
cljs$core$str:u
cljs$core$string_hash_cache:Oc
cljs$core$string_hash_cache_count:Pc
cljs$core$string_print:Ci
cljs$core$strip_ns:Ri
cljs$core$subs:Ce
cljs$core$subs$cljs$0core$0IFn$0_invoke$0arity$02:De
cljs$core$subs$cljs$0core$0IFn$0_invoke$0arity$03:Ee
cljs$core$swap_BANG_:Kf
cljs$core$symbol:Vc
cljs$core$t_cljs$0core7981:Ma
cljs$core$tail_off:eg
cljs$core$take$cljs$0core$0IFn$0_invoke$0arity$02:Nf
cljs$core$take_nth$cljs$0core$0IFn$0_invoke$0arity$02:ti
cljs$core$take_while$cljs$0core$0IFn$0_invoke$0arity$02:ni
cljs$core$throw_no_method_error:qj
cljs$core$to_array:Ze
cljs$core$transduce$cljs$0core$0IFn$0_invoke$0arity$04:te
cljs$core$tree_map_add:Nh
cljs$core$tree_map_append:Oh
cljs$core$tree_map_kv_reduce:Mh
cljs$core$tree_map_remove:Ph
cljs$core$tree_map_replace:Qh
cljs$core$tree_map_seq_push:Dh
cljs$core$truth_:t
cljs$core$tv_editable_root:sg
cljs$core$tv_editable_tail:tg
cljs$core$tv_ensure_editable:Gg
cljs$core$tv_push_tail:Ig
cljs$core$type:cb
cljs$core$type__GT_str:eb
cljs$core$unchecked_array_for:ig
cljs$core$unreduced:nd
cljs$core$update:ag
cljs$core$update_in:$f
cljs$core$val:Ag
cljs$core$vals:Ug
cljs$core$vec:xg
cljs$core$vector:Bg
cljs$core$vector_QMARK_:ce
cljs$core$vector_index_out_of_bounds:hg
cljs$core$with_meta:Sd
cljs$core$write_all$cljs$0core$0IFn$0_invoke$0arity$0variadic:Bi
cljs$core$zipmap:ki
cljs$cst$keyword$ALPHA:ek
cljs$cst$keyword$Abbreviation:hm
cljs$cst$keyword$Application:aq
cljs$cst$keyword$BIT:Qn
cljs$cst$keyword$CHAR:bo
cljs$cst$keyword$CR:Aq
cljs$cst$keyword$CRLF:cp
cljs$cst$keyword$CTL:Fp
cljs$cst$keyword$Cell:yr
cljs$cst$keyword$Cell_DASH_range:Up
cljs$cst$keyword$DIGIT:Yj
cljs$cst$keyword$DQUOTE:Mp
cljs$cst$keyword$Epsilon:rk
cljs$cst$keyword$Expr:mp
cljs$cst$keyword$Formula:dp
cljs$cst$keyword$HEXDIG:Ar
cljs$cst$keyword$HTAB:gp
cljs$cst$keyword$LF:wk
cljs$cst$keyword$LWSP:Zq
cljs$cst$keyword$NOT:Vq
cljs$cst$keyword$NUM:vk
cljs$cst$keyword$OCTET:Er
cljs$cst$keyword$SP:an
cljs$cst$keyword$VCHAR:op
cljs$cst$keyword$WSP:Un
cljs$cst$keyword$_BANG_computed_DASH_value:tn
cljs$cst$keyword$_BANG_focus:Ck
cljs$cst$keyword$_BANG_items:Mm
cljs$cst$keyword$_BANG_keep_QMARK_:zk
cljs$cst$keyword$_BANG_memento:Mj
cljs$cst$keyword$_BANG_modal_DASH_element:Kp
cljs$cst$keyword$_BANG_position:ao
cljs$cst$keyword$_BANG_selected_DASH_item_DASH_index:kl
cljs$cst$keyword$_BANG_user_DASH_input:tl
cljs$cst$keyword$_BANG_value:jl
cljs$cst$keyword$_BANG_visible_QMARK_:vm
cljs$cst$keyword$a_SHARP_seven_DASH_guis_DASH_link:Jq
cljs$cst$keyword$all:ap
cljs$cst$keyword$allow:Lk
cljs$cst$keyword$alt:Xo
cljs$cst$keyword$alt_DASH_impl:Ji
cljs$cst$keyword$alt_DASH_or_DASH_ord:Gn
cljs$cst$keyword$alternation:ll
cljs$cst$keyword$ancestors:jj
cljs$cst$keyword$arg_DASH_list:km
cljs$cst$keyword$arglists:Xj
cljs$cst$keyword$auto_DASH_run:ck
cljs$cst$keyword$auto_DASH_whitespace:dm
cljs$cst$keyword$bin_DASH_char:An
cljs$cst$keyword$bin_DASH_val:hq
cljs$cst$keyword$bubble_DASH_scale:Uo
cljs$cst$keyword$bubble_DASH_shift:Lr
cljs$cst$keyword$button:Wj
cljs$cst$keyword$button_DASH_text:gm
cljs$cst$keyword$button_SHARP_book_DASH_button:Fq
cljs$cst$keyword$cached_DASH_selected_DASH_circle_DASH_diameter:Lq
cljs$cst$keyword$cached_DASH_selected_DASH_circle_DASH_index:Sq
cljs$cst$keyword$callback:Zn
cljs$cst$keyword$cancel_DASH_listener:In
cljs$cst$keyword$cat:yl
cljs$cst$keyword$cell_DASH_being_DASH_edited:po
cljs$cst$keyword$cell_DASH_being_DASH_edited_DASH_cached_DASH_user_DASH_input:pr
cljs$cst$keyword$cell_DASH_name:zq
cljs$cst$keyword$cell_DASH_values:Yp
cljs$cst$keyword$celsius:Wl
cljs$cst$keyword$center_DASH_position:Wf
cljs$cst$keyword$char:bn
cljs$cst$keyword$char_DASH_range:$m
cljs$cst$keyword$char_DASH_val:ko
cljs$cst$keyword$character:rm
cljs$cst$keyword$childContextTypes:Ok
cljs$cst$keyword$circle:Tk
cljs$cst$keyword$circles:Vl
cljs$cst$keyword$class:Qo
cljs$cst$keyword$className:Dn
cljs$cst$keyword$cljsLegacyRender:$o
cljs$cst$keyword$cljs_DOT_core_SLASH_not_DASH_found:ci
cljs$cst$keyword$close_DASH_modal:Oq
cljs$cst$keyword$col:Mo
cljs$cst$keyword$column:sq
cljs$cst$keyword$comma:ik
cljs$cst$keyword$comment:ro
cljs$cst$keyword$componentWillUnmount:Qm
cljs$cst$keyword$component_DASH_did_DASH_update:bq
cljs$cst$keyword$component_DASH_will_DASH_unmount:zn
cljs$cst$keyword$concatenation:pm
cljs$cst$keyword$constructor:Kk
cljs$cst$keyword$content:Oj
cljs$cst$keyword$contextType:Vm
cljs$cst$keyword$contextTypes:Tq
cljs$cst$keyword$context_DASH_menu_DASH_position:$p
cljs$cst$keyword$context_DASH_menu_DASH_visible_QMARK_:gr
cljs$cst$keyword$cx:oq
cljs$cst$keyword$cy:nq
cljs$cst$keyword$date_DASH_in_DASH_the_DASH_past:am
cljs$cst$keyword$dates_DASH_out_DASH_of_DASH_order:mn
cljs$cst$keyword$day:Wk
cljs$cst$keyword$dec_DASH_char:Pq
cljs$cst$keyword$dec_DASH_val:br
cljs$cst$keyword$decimal:Rn
cljs$cst$keyword$default:yj
cljs$cst$keyword$defined_DASH_as:hk
cljs$cst$keyword$departure_DASH_input:Hk
cljs$cst$keyword$descendants:ij
cljs$cst$keyword$dialog:kq
cljs$cst$keyword$diameter:Ek
cljs$cst$keyword$disabled:mk
cljs$cst$keyword$display:yp
cljs$cst$keyword$displayName:so
cljs$cst$keyword$display_DASH_name:ln
cljs$cst$keyword$display_DASH_precision:Wn
cljs$cst$keyword$div:gn
cljs$cst$keyword$div_DOT_button_DASH_line:Jr
cljs$cst$keyword$div_DOT_context_DASH_menu:pk
cljs$cst$keyword$div_DOT_counter_DOT_gui:Qq
cljs$cst$keyword$div_DOT_crud_DASH_column:jk
cljs$cst$keyword$div_DOT_crud_DASH_column_DASH_wrapper:ml
cljs$cst$keyword$div_DOT_dialog_DASH_close_DASH_wrapper:Yk
cljs$cst$keyword$div_DOT_gui_DASH_line:wp
cljs$cst$keyword$div_DOT_gui_DASH_line_DOT_button_DASH_line:Cl
cljs$cst$keyword$div_DOT_gui_DOT_cells:Kr
cljs$cst$keyword$div_DOT_gui_DOT_flight_DASH_booker:sm
cljs$cst$keyword$div_DOT_input_DASH_with_DASH_suffix_DASH_wrapper:Gq
cljs$cst$keyword$div_DOT_main:Vk
cljs$cst$keyword$div_DOT_range_DASH_wrap:lp
cljs$cst$keyword$div_DOT_subcolumn:dk
cljs$cst$keyword$div_DOT_subcolumn_DASH_wrapper:qk
cljs$cst$keyword$div_DOT_table_DASH_wrapper:Ro
cljs$cst$keyword$div_DOT_temperature_DASH_converter_DOT_gui:rp
cljs$cst$keyword$div_DOT_timer_DOT_gui:Ap
cljs$cst$keyword$div_SHARP_blank_DASH_line_DOT_gui_DASH_line:Xm
cljs$cst$keyword$div_SHARP_circle_DASH_drawer_DOT_gui:tq
cljs$cst$keyword$div_SHARP_crud_DOT_gui:wm
cljs$cst$keyword$doc:lo
cljs$cst$keyword$dup:Va
cljs$cst$keyword$duration:up
cljs$cst$keyword$ebnf:Cn
cljs$cst$keyword$elapsed:Pp
cljs$cst$keyword$element:yo
cljs$cst$keyword$else:Dr
cljs$cst$keyword$end_DASH_column:ql
cljs$cst$keyword$end_DASH_line:Dk
cljs$cst$keyword$end_DASH_of_DASH_string:Bl
cljs$cst$keyword$enlive:Ym
cljs$cst$keyword$eof:On
cljs$cst$keyword$epsilon:Lm
cljs$cst$keyword$ex_DASH_kind:jp
cljs$cst$keyword$expecting:Sm
cljs$cst$keyword$f:Hm
cljs$cst$keyword$factor:xk
cljs$cst$keyword$fahrenheit:dq
cljs$cst$keyword$fail_DASH_index:no
cljs$cst$keyword$failure:Po
cljs$cst$keyword$fallback_DASH_impl:Ki
cljs$cst$keyword$features:fl
cljs$cst$keyword$file:Yq
cljs$cst$keyword$fill:er
cljs$cst$keyword$final_DASH_cell:sn
cljs$cst$keyword$first:wn
cljs$cst$keyword$first_DASH_cell:rl
cljs$cst$keyword$flight_DASH_type:Vp
cljs$cst$keyword$flush_DASH_on_DASH_newline:Sa
cljs$cst$keyword$focus:Do
cljs$cst$keyword$font:Sl
cljs$cst$keyword$form:Bq
cljs$cst$keyword$full:np
cljs$cst$keyword$full_DASH_listeners:Or
cljs$cst$keyword$full_DASH_results:tr
cljs$cst$keyword$func_DASH_as_DASH_string:im
cljs$cst$keyword$function_DASH_components:Am
cljs$cst$keyword$function_DASH_symbol:qo
cljs$cst$keyword$generation:vq
cljs$cst$keyword$getDerivedStateFromError:Eo
cljs$cst$keyword$getDerivedStateFromProps:dn
cljs$cst$keyword$getInitialState:xl
cljs$cst$keyword$grammar:Ol
cljs$cst$keyword$group:Jn
cljs$cst$keyword$h1:Rp
cljs$cst$keyword$hex_DASH_char:Uq
cljs$cst$keyword$hex_DASH_val:jo
cljs$cst$keyword$hi:zr
cljs$cst$keyword$hiccup:hp
cljs$cst$keyword$hidden:Fl
cljs$cst$keyword$hide:Hr
cljs$cst$keyword$hide_DASH_nt:Gl
cljs$cst$keyword$hide_DASH_suffix_QMARK_:Ho
cljs$cst$keyword$hide_DASH_tag:Cp
cljs$cst$keyword$hide_DASH_tag_DASH_rule:No
cljs$cst$keyword$hierarchy:Gm
cljs$cst$keyword$high:zo
cljs$cst$keyword$hr_DOT_context_DASH_menu_DASH_rule:eq
cljs$cst$keyword$href:Kn
cljs$cst$keyword$id:hr
cljs$cst$keyword$illegal_DASH_argument:fm
cljs$cst$keyword$illegal_DASH_state:Yn
cljs$cst$keyword$index:Oo
cljs$cst$keyword$input:Rk
cljs$cst$keyword$input_DASH_format:rr
cljs$cst$keyword$input_DOT_input_DASH_with_DASH_suffix:Zo
cljs$cst$keyword$input_DOT_range:Xp
cljs$cst$keyword$input_SHARP_prefix_DASH_input:sp
cljs$cst$keyword$inside_DASH_comment:ar
cljs$cst$keyword$instaparse_DOT_gll_SLASH_end_DASH_index:on
cljs$cst$keyword$instaparse_DOT_gll_SLASH_start_DASH_index:Co
cljs$cst$keyword$instaparse_SLASH_failure:uo
cljs$cst$keyword$item_DASH__GT_str:bm
cljs$cst$keyword$key:uq
cljs$cst$keyword$keyword:Ir
cljs$cst$keyword$keyword_DASH_fn:ej
cljs$cst$keyword$label:$k
cljs$cst$keyword$last:ym
cljs$cst$keyword$left:gk
cljs$cst$keyword$li:yk
cljs$cst$keyword$li_DOT_context_DASH_menu_DASH_cancel:Zj
cljs$cst$keyword$line:Vj
cljs$cst$keyword$list:lq
cljs$cst$keyword$listener:Dp
cljs$cst$keyword$listeners:Mr
cljs$cst$keyword$lo:nk
cljs$cst$keyword$location:Rl
cljs$cst$keyword$look:Bm
cljs$cst$keyword$lookahead:oo
cljs$cst$keyword$low:sk
cljs$cst$keyword$map:wo
cljs$cst$keyword$master_DASH_value:Jl
cljs$cst$keyword$max:Go
cljs$cst$keyword$memory:Qk
cljs$cst$keyword$meta:Ua
cljs$cst$keyword$min:mq
cljs$cst$keyword$modal_DASH_menu_DASH_visible_QMARK_:Ao
cljs$cst$keyword$month:cm
cljs$cst$keyword$more_DASH_marker:Ai
cljs$cst$keyword$mouse_DASH_position_DASH_rel_DASH_svg:sr
cljs$cst$keyword$msg_DASH_cache:Qj
cljs$cst$keyword$name:kp
cljs$cst$keyword$name_DASH_input:ul
cljs$cst$keyword$name_DASH_list:Zp
cljs$cst$keyword$namespaced_DASH_map:Jk
cljs$cst$keyword$neg:So
cljs$cst$keyword$negative_DASH_listeners:Nn
cljs$cst$keyword$negative_DASH_lookahead:Em
cljs$cst$keyword$new_DASH_diameter:El
cljs$cst$keyword$next_DASH_stack:Wo
cljs$cst$keyword$nil:Wp
cljs$cst$keyword$no_DASH_cache:Kl
cljs$cst$keyword$node_DASH_builder:Ko
cljs$cst$keyword$nodes:nm
cljs$cst$keyword$none:Tn
cljs$cst$keyword$not_DASH_ready:vp
cljs$cst$keyword$ns:Lj
cljs$cst$keyword$nt:Kj
cljs$cst$keyword$num_DASH_val:cl
cljs$cst$keyword$ol:Tl
cljs$cst$keyword$on_DASH_blur:rn
cljs$cst$keyword$on_DASH_change:Sj
cljs$cst$keyword$on_DASH_click:dl
cljs$cst$keyword$on_DASH_context_DASH_menu:Fo
cljs$cst$keyword$on_DASH_dispose:lk
cljs$cst$keyword$on_DASH_double_DASH_click:Mq
cljs$cst$keyword$on_DASH_focus:Rq
cljs$cst$keyword$on_DASH_input:Dq
cljs$cst$keyword$on_DASH_mouse_DASH_down:Yo
cljs$cst$keyword$on_DASH_mouse_DASH_leave:xq
cljs$cst$keyword$on_DASH_mouse_DASH_move:wr
cljs$cst$keyword$on_DASH_mouse_DASH_up:Ln
cljs$cst$keyword$on_DASH_set:xp
cljs$cst$keyword$on_DASH_write:rq
cljs$cst$keyword$one_DASH_way:Jo
cljs$cst$keyword$opt:Wq
cljs$cst$keyword$opt_DASH_whitespace:Cm
cljs$cst$keyword$optimize:cn
cljs$cst$keyword$option:Bn
cljs$cst$keyword$option_DOT_crud_DASH_name:nl
cljs$cst$keyword$optional:eo
cljs$cst$keyword$options_DASH_and_DASH_listeners:en
cljs$cst$keyword$ord:Br
cljs$cst$keyword$output_DASH_format:pp
cljs$cst$keyword$output_DOT_bubble:Np
cljs$cst$keyword$p:Rm
cljs$cst$keyword$paren:Bp
cljs$cst$keyword$parents:hj
cljs$cst$keyword$parser:go
cljs$cst$keyword$parser1:gl
cljs$cst$keyword$parser2:el
cljs$cst$keyword$parsers:Ak
cljs$cst$keyword$partial:Tp
cljs$cst$keyword$path:Il
cljs$cst$keyword$pending:$i
cljs$cst$keyword$placeholder:vl
cljs$cst$keyword$plus:Bo
cljs$cst$keyword$prefix_DASH_input:ol
cljs$cst$keyword$preserve:Fn
cljs$cst$keyword$print_DASH_length:Wa
cljs$cst$keyword$private:Pk
cljs$cst$keyword$progress_DOT_timer_DASH_progress:wl
cljs$cst$keyword$r:Om
cljs$cst$keyword$raw:em
cljs$cst$keyword$read_DASH_cond:Iq
cljs$cst$keyword$read_DASH_only:Qp
cljs$cst$keyword$readably:Ta
cljs$cst$keyword$reader_DASH_error:$n
cljs$cst$keyword$reader_DASH_exception:cq
cljs$cst$keyword$ready:Zi
cljs$cst$keyword$reagentRender:ip
cljs$cst$keyword$reagent_DASH_render:tm
cljs$cst$keyword$reason:Xq
cljs$cst$keyword$red:hn
cljs$cst$keyword$redo_DASH_stack:Pn
cljs$cst$keyword$reduction_DASH_type:Cr
cljs$cst$keyword$ref:fn
cljs$cst$keyword$regex:Hq
cljs$cst$keyword$regexp:Nl
cljs$cst$keyword$render:Tj
cljs$cst$keyword$rep:nn
cljs$cst$keyword$repeat:ak
cljs$cst$keyword$repetition:Lo
cljs$cst$keyword$result:un
cljs$cst$keyword$results:jr
cljs$cst$keyword$return_DASH_input:qn
cljs$cst$keyword$round_DASH_trip:Hl
cljs$cst$keyword$row:tp
cljs$cst$keyword$rule:jm
cljs$cst$keyword$rule_DASH_separator:Um
cljs$cst$keyword$rulelist:ho
cljs$cst$keyword$rulename:Ll
cljs$cst$keyword$rulename_DASH_left:xo
cljs$cst$keyword$rulename_DASH_right:Mk
cljs$cst$keyword$rules:lm
cljs$cst$keyword$rules_DASH_or_DASH_parser:iq
cljs$cst$keyword$runtime_DASH_exception:fr
cljs$cst$keyword$s:Nm
cljs$cst$keyword$segment:to
cljs$cst$keyword$select:qp
cljs$cst$keyword$select_SHARP_name_DASH_list:sl
cljs$cst$keyword$selected_DASH_name_DASH_index:or
cljs$cst$keyword$set:Km
cljs$cst$keyword$set_DASH_ref_DASH_func:zl
cljs$cst$keyword$shouldComponentUpdate:cr
cljs$cst$keyword$size:Uj
cljs$cst$keyword$source:Nk
cljs$cst$keyword$span:co
cljs$cst$keyword$span_DOT_dialog_DASH_close:vr
cljs$cst$keyword$span_DOT_suffix_DASH_element:xm
cljs$cst$keyword$splicing_QMARK_:Eq
cljs$cst$keyword$sqr_DASH_dist_DASH_from_DASH_center_DASH_to_DASH_mouse:qq
cljs$cst$keyword$sqr_DASH_radius:Ip
cljs$cst$keyword$stack:fp
cljs$cst$keyword$standard:Gp
cljs$cst$keyword$star:Lp
cljs$cst$keyword$start:Xk
cljs$cst$keyword$start_DASH_production:Ik
cljs$cst$keyword$status:Yi
cljs$cst$keyword$step:Wm
cljs$cst$keyword$strable:Pm
cljs$cst$keyword$string:uk
cljs$cst$keyword$string_DASH_ci:bp
cljs$cst$keyword$stroke:fo
cljs$cst$keyword$stroke_DASH_width:Gk
cljs$cst$keyword$style:Xn
cljs$cst$keyword$success:Uk
cljs$cst$keyword$suffix:Sp
cljs$cst$keyword$surname_DASH_input:Hp
cljs$cst$keyword$svg_SHARP_circle_DASH_svg:ir
cljs$cst$keyword$sym:$q
cljs$cst$keyword$symbol:Zm
cljs$cst$keyword$table:Pj
cljs$cst$keyword$tag:Y
cljs$cst$keyword$tags:Dl
cljs$cst$keyword$tbody:tk
cljs$cst$keyword$td:Tm
cljs$cst$keyword$test:pl
cljs$cst$keyword$text:qr
cljs$cst$keyword$textual:ok
cljs$cst$keyword$th:Fm
cljs$cst$keyword$thead:hl
cljs$cst$keyword$top:vo
cljs$cst$keyword$total:yq
cljs$cst$keyword$tr:Jm
cljs$cst$keyword$trace:Im
cljs$cst$keyword$trace_QMARK_:Sk
cljs$cst$keyword$type:Sn
cljs$cst$keyword$ul:qm
cljs$cst$keyword$undo_DASH_stack:mm
cljs$cst$keyword$unhide:Pl
cljs$cst$keyword$unsupported_DASH_operation:xr
cljs$cst$keyword$user_DASH_input:Nq
cljs$cst$keyword$val:Ui
cljs$cst$keyword$validator:Kq
cljs$cst$keyword$value:kn
cljs$cst$keyword$value_DASH_update:Cq
cljs$cst$keyword$vector:yn
cljs$cst$keyword$whitespace:kr
cljs$cst$keyword$with_DASH_cancel_QMARK_:$l
cljs$cst$keyword$with_DASH_let13298:Dm
cljs$cst$keyword$with_DASH_let13335:Bk
cljs$cst$keyword$with_DASH_let9944:mr
cljs$cst$keyword$with_DASH_let9954:Fr
cljs$cst$keyword$year:Ml
cljs$cst$symbol$Inf:Jp
cljs$cst$symbol$NaN:ur
cljs$cst$symbol$_:Vn
cljs$cst$symbol$_AMPERSAND_:ep
cljs$cst$symbol$_DASH_Inf:zp
cljs$cst$symbol$_DOT_:To
cljs$cst$symbol$_SLASH_:Zl
cljs$cst$symbol$case_STAR_:Gr
cljs$cst$symbol$catch:kk
cljs$cst$symbol$cljs_DOT_core_SLASH_apply:vn
cljs$cst$symbol$cljs_DOT_core_SLASH_array_DASH_map:Pr
cljs$cst$symbol$cljs_DOT_core_SLASH_concat:bl
cljs$cst$symbol$cljs_DOT_core_SLASH_hash_DASH_map:Nr
cljs$cst$symbol$cljs_DOT_core_SLASH_hash_DASH_set:Op
cljs$cst$symbol$cljs_DOT_core_SLASH_list:Io
cljs$cst$symbol$cljs_DOT_core_SLASH_sequence:pq
cljs$cst$symbol$cljs_DOT_core_SLASH_vec:Zk
cljs$cst$symbol$cljs_DOT_core_SLASH_with_DASH_meta:wq
cljs$cst$symbol$cljs_DOT_tools_DOT_reader:mo
cljs$cst$symbol$cljs_DOT_tools_DOT_reader_SLASH_read_DASH_string_STAR_:Ul
cljs$cst$symbol$clojure_DOT_core_SLASH_deref:Ep
cljs$cst$symbol$clojure_DOT_core_SLASH_list:Hn
cljs$cst$symbol$clojure_DOT_core_SLASH_unquote:En
cljs$cst$symbol$clojure_DOT_core_SLASH_unquote_DASH_splicing:dr
cljs$cst$symbol$def:gq
cljs$cst$symbol$defrecord_STAR_:Rj
cljs$cst$symbol$deftype_STAR_:nr
cljs$cst$symbol$do:il
cljs$cst$symbol$finally:Xl
cljs$cst$symbol$fn_STAR_:Fk
cljs$cst$symbol$if:om
cljs$cst$symbol$js_STAR_:bk
cljs$cst$symbol$let_STAR_:xn
cljs$cst$symbol$letfn_STAR_:jn
cljs$cst$symbol$loop_STAR_:um
cljs$cst$symbol$new:al
cljs$cst$symbol$not_DASH_native:Nj
cljs$cst$symbol$ns:pn
cljs$cst$symbol$ns_STAR_:fk
cljs$cst$symbol$opts:jq
cljs$cst$symbol$pending_DASH_forms:Al
cljs$cst$symbol$quote:zm
cljs$cst$symbol$read_DASH_string_STAR_:lr
cljs$cst$symbol$reader:fq
cljs$cst$symbol$recur:Mn
cljs$cst$symbol$set_BANG_:Vo
cljs$cst$symbol$throw:Yl
cljs$cst$symbol$try:Ql
cljs$cst$symbol$var:io
cljs$tools$reader$NO_MATCH:fz
cljs$tools$reader$READ_EOF:Iy
cljs$tools$reader$READ_FINISHED:Jy
cljs$tools$reader$RESERVED_FEATURES:cz
cljs$tools$reader$_STAR_default_data_reader_fn_STAR_:zz
cljs$tools$reader$_STAR_read_delim_STAR_:Ky
cljs$tools$reader$_STAR_suppress_read_STAR_:ez
cljs$tools$reader$add_meta:tz
cljs$tools$reader$arg_env:iz
cljs$tools$reader$dispatch_macros:yy
cljs$tools$reader$ending_line_col_info:Hy
cljs$tools$reader$escape_char:Sy
cljs$tools$reader$flatten_map:rz
cljs$tools$reader$garg:jz
cljs$tools$reader$gensym_env:nz
cljs$tools$reader$impl$commons$float_pattern:oy
cljs$tools$reader$impl$commons$int_pattern:my
cljs$tools$reader$impl$commons$match_number:qy
cljs$tools$reader$impl$commons$matches_QMARK_:py
cljs$tools$reader$impl$commons$parse_symbol:ry
cljs$tools$reader$impl$commons$ratio_pattern:ny
cljs$tools$reader$impl$commons$read_comment:sy
cljs$tools$reader$impl$commons$read_past:ly
cljs$tools$reader$impl$commons$throwing_reader:ty
cljs$tools$reader$impl$errors$duplicate_keys_error:iy
cljs$tools$reader$impl$errors$eof_error$cljs$0core$0IFn$0_invoke$0arity$0variadic:by
cljs$tools$reader$impl$errors$illegal_arg_error$cljs$0core$0IFn$0_invoke$0arity$0variadic:ay
cljs$tools$reader$impl$errors$reader_error$cljs$0core$0IFn$0_invoke$0arity$0variadic:$x
cljs$tools$reader$impl$errors$throw_bad_octal_number:gy
cljs$tools$reader$impl$errors$throw_dup_keys:jy
cljs$tools$reader$impl$errors$throw_eof_error:ky
cljs$tools$reader$impl$errors$throw_eof_in_character:hy
cljs$tools$reader$impl$errors$throw_eof_reading$cljs$0core$0IFn$0_invoke$0arity$0variadic:ey
cljs$tools$reader$impl$errors$throw_ex$cljs$0core$0IFn$0_invoke$0arity$0variadic:Zx
cljs$tools$reader$impl$errors$throw_invalid:dy
cljs$tools$reader$impl$errors$throw_invalid_unicode_digit:fy
cljs$tools$reader$impl$errors$throw_odd_map:cy
cljs$tools$reader$impl$inspect$dispatch_inspect:xj
cljs$tools$reader$impl$inspect$inspect_STAR_:Bj
cljs$tools$reader$impl$inspect$inspect_STAR__col:Yx
cljs$tools$reader$impl$utils$ReaderConditional:Hx
cljs$tools$reader$impl$utils$char_code:Px
cljs$tools$reader$impl$utils$last_id:Mx
cljs$tools$reader$impl$utils$namespace_keys:Nx
cljs$tools$reader$impl$utils$numeric_QMARK_:Lx
cljs$tools$reader$impl$utils$reader_conditional:Ix
cljs$tools$reader$impl$utils$second_SINGLEQUOTE_:Ox
cljs$tools$reader$impl$utils$whitespace_QMARK_:Kx
cljs$tools$reader$impl$utils$ws_rx:Jx
cljs$tools$reader$loc_info:Uy
cljs$tools$reader$macro_terminating_QMARK_:uy
cljs$tools$reader$macros:Ey
cljs$tools$reader$read_STAR_:Ny
cljs$tools$reader$read_STAR_$cljs$0core$0IFn$0_invoke$0arity$05:Yy
cljs$tools$reader$read_STAR_$cljs$0core$0IFn$0_invoke$0arity$06:My
cljs$tools$reader$read_arg:mz
cljs$tools$reader$read_char_STAR_:Fy
cljs$tools$reader$read_cond:hz
cljs$tools$reader$read_cond_delimited:gz
cljs$tools$reader$read_delimited:Ly
cljs$tools$reader$read_discard:az
cljs$tools$reader$read_dispatch:xy
cljs$tools$reader$read_fn:kz
cljs$tools$reader$read_keyword:Wy
cljs$tools$reader$read_list:Oy
cljs$tools$reader$read_map:Qy
cljs$tools$reader$read_meta:Zy
cljs$tools$reader$read_namespaced_map:yz
cljs$tools$reader$read_number:Ry
cljs$tools$reader$read_regex:By
cljs$tools$reader$read_set:$y
cljs$tools$reader$read_string_STAR_:Ty
cljs$tools$reader$read_suppress:dz
cljs$tools$reader$read_symbol:Vy
cljs$tools$reader$read_symbolic_value:bz
cljs$tools$reader$read_syntax_quote:xz
cljs$tools$reader$read_tagged:zy
cljs$tools$reader$read_token:wy
cljs$tools$reader$read_unicode_char$cljs$0core$0IFn$0_invoke$0arity$04:Cy
cljs$tools$reader$read_unicode_char$cljs$0core$0IFn$0_invoke$0arity$05:Dy
cljs$tools$reader$read_unmatched_delimiter:Ay
cljs$tools$reader$read_unquote:oz
cljs$tools$reader$read_vector:Py
cljs$tools$reader$reader_types$PushbackReader:Wx
cljs$tools$reader$reader_types$StringReader:Vx
cljs$tools$reader$reader_types$get_column_number:Tx
cljs$tools$reader$reader_types$get_file_name:Ux
cljs$tools$reader$reader_types$get_line_number:Sx
cljs$tools$reader$reader_types$indexing_reader_QMARK_:Xx
cljs$tools$reader$reader_types$read_char:Qx
cljs$tools$reader$reader_types$unread:Rx
cljs$tools$reader$register_arg:lz
cljs$tools$reader$register_gensym:sz
cljs$tools$reader$resolve_symbol:wz
cljs$tools$reader$sb:vy
cljs$tools$reader$starting_line_col_info:Gy
cljs$tools$reader$syntax_quote_STAR_:uz
cljs$tools$reader$syntax_quote_coll:vz
cljs$tools$reader$unquote_QMARK_:qz
cljs$tools$reader$unquote_splicing_QMARK_:pz
cljs$tools$reader$wrapping_reader:Xy
clojure$set$difference:As
clojure$string$join$cljs$0core$0IFn$0_invoke$0arity$02:Zr
clojure$string$replace:Yr
clojure$string$replace_all:Wr
clojure$string$replace_with:Xr
clojure$string$split$cljs$0core$0IFn$0_invoke$0arity$03:$r
cur$jscomp$inline_2126:EB
goog$UID_PROPERTY_:qa
goog$array$defaultCompare:ya
goog$array$slice:wa
goog$array$splice:va
goog$array$toArray:ta
goog$dom$TagName:za
goog$getUid:pa
goog$global:la
goog$i18n$uChar$fromCharCode:sw
goog$i18n$uChar$getCodePointAround:tw
goog$object$PROTOTYPE_FIELDS_:Ca
goog$object$createSet:Ea
goog$object$extend:Da
goog$object$get:Ba
goog$object$getKeys:Aa
goog$partial:sa
goog$string$StringBuffer:Ja
goog$string$capitalize:Ha
goog$string$internal$endsWith:Fa
goog$string$internal$isEmptyOrWhitespace:Ga
goog$typeOf:oa
goog$uidCounter_:ra
hierarchy__4623__auto__$jscomp$inline_1981:sj
instaparse$abnf$abnf_core:Xz
instaparse$abnf$abnf_parser:Yz
instaparse$abnf$abnf_transformer:dA
instaparse$abnf$alt_preserving_hide_tag:bA
instaparse$abnf$build_parser:eA
instaparse$abnf$get_char_combinator:Zz
instaparse$abnf$merge_core:aA
instaparse$abnf$parse_int:cA
instaparse$abnf$project:$z
instaparse$auto_flatten_seq$AutoFlattenSeq:sv
instaparse$auto_flatten_seq$EMPTY:tv
instaparse$auto_flatten_seq$FlattenOnDemandVector:xv
instaparse$auto_flatten_seq$afs_QMARK_:pv
instaparse$auto_flatten_seq$auto_flatten_seq:vv
instaparse$auto_flatten_seq$conj_flat:nv
instaparse$auto_flatten_seq$convert_afs_to_vec:zv
instaparse$auto_flatten_seq$delve:ov
instaparse$auto_flatten_seq$flat_seq$cljs$0core$0IFn$0_invoke$0arity$02:qv
instaparse$auto_flatten_seq$flat_vec_helper:wv
instaparse$auto_flatten_seq$hash_cat:uv
instaparse$auto_flatten_seq$true_count:rv
instaparse$cfg$_STAR_case_insensitive_literals_STAR_:Az
instaparse$cfg$build_parser:Rz
instaparse$cfg$build_parser_from_combinators:Sz
instaparse$cfg$build_rule:Oz
instaparse$cfg$cfg:Jz
instaparse$cfg$check_grammar:Qz
instaparse$cfg$double_quoted_regexp:Fz
instaparse$cfg$double_quoted_string:Ez
instaparse$cfg$escape:Kz
instaparse$cfg$inside_comment:Gz
instaparse$cfg$opt_whitespace:Iz
instaparse$cfg$process_regexp:Nz
instaparse$cfg$process_string:Mz
instaparse$cfg$seq_nt:Pz
instaparse$cfg$single_quoted_regexp:Dz
instaparse$cfg$single_quoted_string:Cz
instaparse$cfg$string_PLUS_:Bz
instaparse$cfg$ws:Hz
instaparse$combinators_source$Epsilon:Xv
instaparse$combinators_source$alt:bw
instaparse$combinators_source$auto_whitespace:rw
instaparse$combinators_source$auto_whitespace_parser:qw
instaparse$combinators_source$cat:dw
instaparse$combinators_source$hide:lw
instaparse$combinators_source$look:jw
instaparse$combinators_source$neg:kw
instaparse$combinators_source$nt:iw
instaparse$combinators_source$opt:Yv
instaparse$combinators_source$ord:cw
instaparse$combinators_source$plus:Zv
instaparse$combinators_source$regexp:hw
instaparse$combinators_source$rep:aw
instaparse$combinators_source$star:$v
instaparse$combinators_source$string:ew
instaparse$combinators_source$string_ci:fw
instaparse$combinators_source$unhide_all:pw
instaparse$combinators_source$unhide_all_content:nw
instaparse$combinators_source$unhide_content:mw
instaparse$combinators_source$unhide_tags:ow
instaparse$combinators_source$unicode_char$cljs$0core$0IFn$0_invoke$0arity$02:gw
instaparse$core$Parser:tA
instaparse$core$failure_QMARK_:sA
instaparse$core$map__GT_Parser:uA
instaparse$core$parse:rA
instaparse$core$parser:vA
instaparse$core$parser$cljs$0core$0IFn$0_invoke$0arity$0variadic:wA
instaparse$core$standard_whitespace_parsers:xA
instaparse$core$unhide_parser:qA
instaparse$failure$get_line:Kv
instaparse$failure$pprint_failure:Mv
instaparse$failure$print_reason:Lv
instaparse$gll$CatFullListener:yx
instaparse$gll$CatListener:xx
instaparse$gll$Failure:Zw
instaparse$gll$LookListener:wx
instaparse$gll$Node:ex
instaparse$gll$NodeListener:vx
instaparse$gll$PlusFullListener:Ax
instaparse$gll$PlusListener:zx
instaparse$gll$RepFullListener:Cx
instaparse$gll$RepListener:Bx
instaparse$gll$TopListener:Dx
instaparse$gll$Tramp:ax
instaparse$gll$_full_parse:Kw
instaparse$gll$_parse:uw
instaparse$gll$alt_full_parse:Mw
instaparse$gll$alt_parse:ww
instaparse$gll$build_node_with_meta:sx
instaparse$gll$cat_full_parse:Nw
instaparse$gll$cat_parse:xw
instaparse$gll$char_range_full_parse:Qw
instaparse$gll$char_range_parse:Aw
instaparse$gll$epsilon_full_parse:Rw
instaparse$gll$epsilon_parse:Bw
instaparse$gll$fail:rx
instaparse$gll$failure_type:$w
instaparse$gll$full_listener_exists_QMARK_:ix
instaparse$gll$listener_exists_QMARK_:hx
instaparse$gll$lookahead_full_parse:Xw
instaparse$gll$lookahead_parse:Hw
instaparse$gll$make_success:cx
instaparse$gll$make_tramp$cljs$0core$0IFn$0_invoke$0arity$05:bx
instaparse$gll$merge_negative_listeners:px
instaparse$gll$negative_lookahead_parse:Iw
instaparse$gll$node_get:kx
instaparse$gll$non_terminal_full_parse:Lw
instaparse$gll$non_terminal_parse:vw
instaparse$gll$opt_full_parse:Sw
instaparse$gll$opt_parse:Cw
instaparse$gll$ordered_alt_full_parse:Yw
instaparse$gll$ordered_alt_parse:Jw
instaparse$gll$parse:Gx
instaparse$gll$plus_full_parse:Tw
instaparse$gll$plus_parse:Dw
instaparse$gll$push_full_listener:ox
instaparse$gll$push_listener:nx
instaparse$gll$push_message:gx
instaparse$gll$push_negative_listener:qx
instaparse$gll$push_result:mx
instaparse$gll$push_stack:fx
instaparse$gll$re_match_at_front:Ex
instaparse$gll$regexp_full_parse:Ww
instaparse$gll$regexp_parse:Gw
instaparse$gll$rep_full_parse:Uw
instaparse$gll$rep_parse:Ew
instaparse$gll$result_exists_QMARK_:jx
instaparse$gll$run$cljs$0core$0IFn$0_invoke$0arity$02:ux
instaparse$gll$safe_with_meta:lx
instaparse$gll$star_full_parse:Vw
instaparse$gll$star_parse:Fw
instaparse$gll$start_parser:Fx
instaparse$gll$step:tx
instaparse$gll$string_case_insensitive_full_parse:Pw
instaparse$gll$string_case_insensitive_parse:zw
instaparse$gll$string_full_parse:Ow
instaparse$gll$string_parse:yw
instaparse$gll$total_success_QMARK_:dx
instaparse$print$Parser__GT_str:Jv
instaparse$print$char_range__GT_str:Hv
instaparse$print$combinators__GT_str:Cv
instaparse$print$combinators__GT_str$cljs$0core$0IFn$0_invoke$0arity$02:Bv
instaparse$print$number__GT_hex_padded:Gv
instaparse$print$paren_for_compound:Dv
instaparse$print$paren_for_tags:Av
instaparse$print$regexp__GT_str:Fv
instaparse$print$regexp_replace:Ev
instaparse$print$rule__GT_str:Iv
instaparse$reduction$apply_reduction:Vv
instaparse$reduction$apply_standard_reductions$cljs$0core$0IFn$0_invoke$0arity$02:Wv
instaparse$reduction$node_builders:Uv
instaparse$reduction$raw_non_terminal_reduction:Sv
instaparse$reduction$red:Rv
instaparse$reduction$reduction_types:Tv
instaparse$reduction$singleton_QMARK_:Qv
instaparse$repeat$empty_result_QMARK_:gA
instaparse$repeat$failure_signal:hA
instaparse$repeat$get_end:iA
instaparse$repeat$parse_from_index:jA
instaparse$repeat$repeat_parse$cljs$0core$0IFn$0_invoke$0arity$05:mA
instaparse$repeat$repeat_parse_no_tag$cljs$0core$0IFn$0_invoke$0arity$05:lA
instaparse$repeat$repeat_parse_with_header:nA
instaparse$repeat$select_parse:kA
instaparse$repeat$try_repeating_parse_strategy:pA
instaparse$repeat$try_repeating_parse_strategy_with_header:oA
instaparse$transform$enlive_transform:Uz
instaparse$transform$hiccup_transform:Vz
instaparse$transform$merge_meta:Tz
instaparse$transform$transform:Wz
instaparse$util$regexp_flags:Pv
instaparse$util$throw_illegal_argument_exception$cljs$0core$0IFn$0_invoke$0arity$0variadic:Ov
instaparse$util$throw_runtime_exception$cljs$0core$0IFn$0_invoke$0arity$0variadic:Nv
instaparse$viz$span:fA
method_cache__4621__auto__$jscomp$inline_1979:vj
method_table__4619__auto__$jscomp$inline_1977:tj
module$node_modules$react$index:Ur
module$node_modules$react_dom$index:Vr
opt_object$jscomp$inline_2123:CB
part$jscomp$inline_2127:FB
parts$jscomp$inline_2125:DB
prefer_table__4620__auto__$jscomp$inline_1978:uj
read_string_STAR__12429:Lz
reagent:as
reagent$core$cursor:Zt
reagent$core$rswap_BANG_:$t
reagent$core$rswap_BANG_$cljs$0core$0IFn$0_invoke$0arity$0variadic:au
reagent$core$track:Yt
reagent$dom$render$cljs$0core$0IFn$0_invoke$0arity$03:Wt
reagent$dom$render_comp:Vt
reagent$dom$roots:Ut
reagent$impl:bs
reagent$impl$batching$compare_mount_order:ps
reagent$impl$batching$fake_raf:ns
reagent$impl$batching$mount_count:ms
reagent$impl$batching$next_tick:os
reagent$impl$batching$queue_render:ws
reagent$impl$batching$ratom_flush:qs
reagent$impl$batching$render_queue:vs
reagent$impl$batching$run_funs:rs
reagent$impl$component$_STAR_current_component_STAR_:bt
reagent$impl$component$built_in_static_method_names:bi
reagent$impl$component$cache_react_class:ot
reagent$impl$component$camelify_map_keys:jt
reagent$impl$component$cljsify:mt
reagent$impl$component$create_class:nt
reagent$impl$component$custom_wrapper:ft
reagent$impl$component$dash_to_method_name:it
reagent$impl$component$functional_render:qt
reagent$impl$component$functional_render_fn:st
reagent$impl$component$functional_render_memo_fn:rt
reagent$impl$component$functional_wrap_render:pt
reagent$impl$component$get_wrapper:gt
reagent$impl$component$map_to_js:lt
reagent$impl$component$obligatory:ht
reagent$impl$component$props_argv:ct
reagent$impl$component$rat_opts:at
reagent$impl$component$reagent_class_QMARK_:dt
reagent$impl$component$wrap_funs:kt
reagent$impl$component$wrap_render:et
reagent$impl$input$input_component_set_value:vt
reagent$impl$input$input_handle_change:wt
reagent$impl$input$input_node_set_value:ut
reagent$impl$input$input_render_setup:xt
reagent$impl$input$input_spec:yt
reagent$impl$input$these_inputs_have_selection_api:tt
reagent$impl$protocols$as_element:ys
reagent$impl$protocols$get_id:xs
reagent$impl$protocols$make_element:zs
reagent$impl$template:zt
reagent$impl$template$HiccupTag:Lt
reagent$impl$template$cache_get:Dt
reagent$impl$template$convert_custom_prop_value:It
reagent$impl$template$convert_prop_value:Ft
reagent$impl$template$custom_kv_conv:Ht
reagent$impl$template$custom_prop_name_cache:Gt
reagent$impl$template$default_compiler:Tt
reagent$impl$template$expand_seq:Rt
reagent$impl$template$function_element:Nt
reagent$impl$template$kv_conv:Et
reagent$impl$template$make_element:Kt
reagent$impl$template$maybe_function_element:Ot
reagent$impl$template$native_element:Qt
reagent$impl$template$prop_name_cache:Ct
reagent$impl$template$re_tag:Bt
reagent$impl$template$reag_element:Mt
reagent$impl$template$set_id_class:Jt
reagent$impl$template$t_reagent$0impl$0template9649:At
reagent$impl$template$tag_name_cache:Pt
reagent$impl$template$vec_to_elem:St
reagent$impl$util$_STAR_always_update_STAR_:js
reagent$impl$util$capitalize:es
reagent$impl$util$class_names:is
reagent$impl$util$dash_to_prop_name:fs
reagent$impl$util$dont_camel_case:ds
reagent$impl$util$fun_name:gs
reagent$impl$util$get_react_key:ks
reagent$impl$util$is_client:cs
reagent$impl$util$named_QMARK_:hs
reagent$impl$util$react_key_from_vec:ls
reagent$ratom$RAtom:Js
reagent$ratom$RCursor:Os
reagent$ratom$Reaction:Vs
reagent$ratom$Track:Ns
reagent$ratom$_STAR_ratom_context_STAR_:Bs
reagent$ratom$add_w:Es
reagent$ratom$atom:Ks
reagent$ratom$cached_reaction:Ls
reagent$ratom$deref_capture:Cs
reagent$ratom$dispose_BANG_:Ts
reagent$ratom$flush_BANG_:Ys
reagent$ratom$handle_reaction_change:qc
reagent$ratom$make_reaction:Ms
reagent$ratom$notify_deref_watcher_BANG_:Ds
reagent$ratom$notify_w:Gs
reagent$ratom$pr_atom:Hs
reagent$ratom$rea_queue:Is
reagent$ratom$remove_w:Fs
reagent$ratom$run_in_reaction:$s
reagent$ratom$temp_reaction:Zs
reagent$ratom$with_let_destroy:Rs
reagent$ratom$with_let_values:Ss
sevenguis$cells$Application:OA
sevenguis$cells$Cell:JA
sevenguis$cells$Cell_range:NA
sevenguis$cells$Decimal:HA
sevenguis$cells$Textual:IA
sevenguis$cells$_BANG_app_db:AA
sevenguis$cells$_BANG_cached_input:CA
sevenguis$cells$_BANG_cell_being_edited:BA
sevenguis$cells$cell:RA
sevenguis$cells$cell_range__GT_list:MA
sevenguis$cells$cells:SA
sevenguis$cells$column_labels:yA
sevenguis$cells$display:FA
sevenguis$cells$evaluate:EA
sevenguis$cells$expand_and_eval:GA
sevenguis$cells$func_with_name:DA
sevenguis$cells$get_computed_value:QA
sevenguis$cells$hiccup_tree__GT_formula_object:LA
sevenguis$cells$iter__13153:zA
sevenguis$cells$symbol__GT_creator:PA
sevenguis$cells$user_input__GT_hiccup_tree:KA
sevenguis$circle_drawer$Add_Circle_Command:Uu
sevenguis$circle_drawer$Change_Diameter_Command:Vu
sevenguis$circle_drawer$Circle:Nu
sevenguis$circle_drawer$Drawable$draw$dyn_10266:Mu
sevenguis$circle_drawer$_BANG_app_db:Ou
sevenguis$circle_drawer$_BANG_cached_diameter:av
sevenguis$circle_drawer$_BANG_cached_selected_index:$u
sevenguis$circle_drawer$_BANG_circle_history:Qu
sevenguis$circle_drawer$_BANG_circles:Pu
sevenguis$circle_drawer$_BANG_context_menu_position:Xu
sevenguis$circle_drawer$_BANG_context_visible_QMARK_:Yu
sevenguis$circle_drawer$_BANG_gui_ref:gv
sevenguis$circle_drawer$_BANG_index_of_selected_circle:cv
sevenguis$circle_drawer$_BANG_modal_ref:ev
sevenguis$circle_drawer$_BANG_modal_visible_QMARK_:Zu
sevenguis$circle_drawer$_BANG_mouse_position:Wu
sevenguis$circle_drawer$_BANG_render_circles:iv
sevenguis$circle_drawer$_BANG_selected_circle:Xf
sevenguis$circle_drawer$_BANG_svg_ref:fv
sevenguis$circle_drawer$add_to_history_BANG_:Tu
sevenguis$circle_drawer$change_diameter_dialog:jv
sevenguis$circle_drawer$circle_canvas:kv
sevenguis$circle_drawer$circle_drawer:mv
sevenguis$circle_drawer$circle_drawer_buttons:lv
sevenguis$circle_drawer$circle_settings:Ku
sevenguis$circle_drawer$draw:Lu
sevenguis$circle_drawer$find_index_of_selected_circle:bv
sevenguis$circle_drawer$get_set_selected_circle:dv
sevenguis$circle_drawer$redo:Su
sevenguis$circle_drawer$render_circles$cljs$0core$0IFn$0_invoke$0arity$03:hv
sevenguis$circle_drawer$undo:Ru
sevenguis$core$home_page:Xt
sevenguis$counter$count_buttons:AB
sevenguis$counter$counter:BB
sevenguis$crud$Name:su
sevenguis$crud$_BANG_app_db:wu
sevenguis$crud$_BANG_first_name_input:Cu
sevenguis$crud$_BANG_focus:xu
sevenguis$crud$_BANG_matches_prefix_QMARK_:Fu
sevenguis$crud$_BANG_names:zu
sevenguis$crud$_BANG_prefix:yu
sevenguis$crud$_BANG_prefix_valid_QMARK_:Bu
sevenguis$crud$_BANG_selected:Au
sevenguis$crud$_BANG_surname_input:Du
sevenguis$crud$_BANG_user_input_as_Name:Eu
sevenguis$crud$__GT_Name:tu
sevenguis$crud$allowed_prefix_regex:vu
sevenguis$crud$crud:Ju
sevenguis$crud$crud_buttons:Gu
sevenguis$crud$format_name:uu
sevenguis$crud$name_input:Hu
sevenguis$crud$prefix_input:Iu
sevenguis$flight_booker$Date:$A
sevenguis$flight_booker$_BANG_app_db:fB
sevenguis$flight_booker$_BANG_departure_input:iB
sevenguis$flight_booker$_BANG_flight_type:gB
sevenguis$flight_booker$_BANG_modal:mB
sevenguis$flight_booker$_BANG_one_way_QMARK_:hB
sevenguis$flight_booker$_BANG_return_input:jB
sevenguis$flight_booker$_BANG_success_state:kB
sevenguis$flight_booker$already_happened_QMARK_:bB
sevenguis$flight_booker$bad_input_QMARK_:eB
sevenguis$flight_booker$date_format:WA
sevenguis$flight_booker$date_notation_order:UA
sevenguis$flight_booker$date_pattern:ZA
sevenguis$flight_booker$flight_booker2:oB
sevenguis$flight_booker$is_before_or_same_as:aB
sevenguis$flight_booker$iter__13177:VA
sevenguis$flight_booker$iter__13207:YA
sevenguis$flight_booker$matches_date_format_QMARK_:cB
sevenguis$flight_booker$message:lB
sevenguis$flight_booker$modal:nB
sevenguis$flight_booker$notation:TA
sevenguis$flight_booker$pattern_for:XA
sevenguis$flight_booker$str__GT_Date:dB
sevenguis$temperature_converter$_BANG_app_db:tB
sevenguis$temperature_converter$_BANG_focus:uB
sevenguis$temperature_converter$_BANG_master_value:vB
sevenguis$temperature_converter$_BANG_user_input:wB
sevenguis$temperature_converter$__GT_master:rB
sevenguis$temperature_converter$from_master:sB
sevenguis$temperature_converter$scales:pB
sevenguis$temperature_converter$suffix_unicode_symbol:qB
sevenguis$temperature_converter$temperature_converter:zB
sevenguis$temperature_converter$temperature_input:yB
sevenguis$temperature_converter$update_temp:xB
sevenguis$timer$_BANG_app_db:ju
sevenguis$timer$_BANG_duration:lu
sevenguis$timer$_BANG_elapsed:ku
sevenguis$timer$_BANG_ticking:mu
sevenguis$timer$button_row:qu
sevenguis$timer$reset_clock:pu
sevenguis$timer$start_clock:nu
sevenguis$timer$stop_clock:ou
sevenguis$timer$timer:ru
sevenguis$util$canvas:gu
sevenguis$util$context_menu:eu
sevenguis$util$coords_rel:bu
sevenguis$util$filtered_list:iu
sevenguis$util$input_with_suffix:hu
sevenguis$util$modal:du
sevenguis$util$range_with_bubble:fu
sevenguis$util$within:cu
shadow$js$files:Qr
shadow$js$jsRequire:Tr
shadow$js$nativeRequires:Rr
shadow$js$requireStack:Sr
